<?xml version="1.0" encoding="UTF-8"?>
<TestRun id="0c48916e-41a7-4a0f-b0fc-3926a3e605ac" name="Administrator@VSH-NIEJUNHUA 2014-01-13 23:25:15" runUser="VSH-NIEJUNHUA\Administrator" xmlns="http://microsoft.com/schemas/VisualStudio/TeamTest/2010">
  <TestSettings name="本地" id="70fa9d93-44e1-4fae-8a0b-307f6e928580">
    <Description>这些设置为本地测试运行的默认测试设置。</Description>
    <Deployment enabled="false" runDeploymentRoot="Administrator_VSH-NIEJUNHUA 2014-01-13 23_25_15">
      <DeploymentItem filename="E:\CodeLib\Git\CommonClass\CommonClass\bin\CommonClass.dll" />
      <DeploymentItem filename="E:\CodeLib\Git\helper\Helper\bin\Debug\Helper.dll" />
    </Deployment>
    <Execution>
      <TestTypeSpecific />
      <AgentRule name="Execution Agents">
      </AgentRule>
    </Execution>
  </TestSettings>
  <Times creation="2014-01-13T23:25:15.6163331+08:00" queuing="2014-01-13T23:25:15.6343341+08:00" start="2014-01-13T23:25:15.6413345+08:00" finish="2014-01-13T23:25:16.1033609+08:00" />
  <ResultSummary outcome="Failed">
    <Counters total="1" executed="1" error="0" failed="1" timeout="0" aborted="0" inconclusive="0" passedButRunAborted="0" notRunnable="0" notExecuted="0" disconnected="0" warning="0" passed="0" completed="0" inProgress="0" pending="0" />
  </ResultSummary>
  <TestDefinitions>
    <UnitTest name="TestMysqlInsert" storage="e:\codelib\git\commonclass\testproject1\bin\debug\testproject1.dll" id="2505e795-c9e6-cdc9-7134-ec465f7c9597">
      <Execution id="834f11ab-f02a-4532-b3da-1d08312e012a" />
      <TestMethod codeBase="E:/CodeLib/Git/CommonClass/TestProject1/bin/Debug/TestProject1.DLL" adapterTypeName="Microsoft.VisualStudio.TestTools.TestTypes.Unit.UnitTestAdapter, Microsoft.VisualStudio.QualityTools.Tips.UnitTest.Adapter, Version=10.0.0.0, Culture=neutral, PublicKeyToken=b03f5f7f11d50a3a" className="TestProject1.BaseClassDaoTest, TestProject1, Version=1.0.0.0, Culture=neutral, PublicKeyToken=null" name="TestMysqlInsert" />
      <AspNet>
        <Host pathToWebApp="E:\Codelib\Git\CommonClass\CommonClass" webAppRoot="/" />
      </AspNet>
    </UnitTest>
  </TestDefinitions>
  <TestLists>
    <TestList name="列表中未列出的结果" id="8c84fa94-04c1-424b-9868-57a2d4851a1d" />
    <TestList name="所有已加载的结果" id="19431567-8539-422a-85d7-44ee4e166bda" />
  </TestLists>
  <TestEntries>
    <TestEntry testId="2505e795-c9e6-cdc9-7134-ec465f7c9597" executionId="834f11ab-f02a-4532-b3da-1d08312e012a" testListId="8c84fa94-04c1-424b-9868-57a2d4851a1d" />
  </TestEntries>
  <Results>
    <UnitTestResult executionId="834f11ab-f02a-4532-b3da-1d08312e012a" testId="2505e795-c9e6-cdc9-7134-ec465f7c9597" testName="TestMysqlInsert" computerName="VSH-NIEJUNHUA" duration="00:00:00.2094233" startTime="2014-01-13T23:25:15.6473348+08:00" endTime="2014-01-13T23:25:16.0843598+08:00" testType="13cdc9d9-ddb5-4fa4-a97d-d965ccfc6d4b" outcome="Failed" testListId="8c84fa94-04c1-424b-9868-57a2d4851a1d" relativeResultsDirectory="834f11ab-f02a-4532-b3da-1d08312e012a">
      <Output>
        <ErrorInfo>
          <Message>测试方法 TestProject1.BaseClassDaoTest.TestMysqlInsert 引发了异常: 
MySql.Data.MySqlClient.MySqlException: Data too long for column 'title' at row 1</Message>
          <StackTrace>    在 MySql.Data.MySqlClient.MySqlStream.OpenPacket()
   在 MySql.Data.MySqlClient.NativeDriver.ReadResult(UInt64&amp; affectedRows, Int64&amp; lastInsertId)
   在 MySql.Data.MySqlClient.MySqlDataReader.GetResultSet()
   在 MySql.Data.MySqlClient.MySqlDataReader.NextResult()
   在 MySql.Data.MySqlClient.MySqlCommand.ExecuteReader(CommandBehavior behavior)
   在 MySql.Data.MySqlClient.MySqlCommand.ExecuteNonQuery()
   在 CommonClass.MySqlDB.ExecNonQuery(String sql, IDataParameter[] p) 位置 E:\CodeLib\Git\CommonClass\CommonClass\Code\MySqlDB.cs:行号 46
   在 CommonClass.MySqlClass.Insert(ClassInfo ci) 位置 E:\CodeLib\Git\CommonClass\CommonClass\Code\MySqlClass.cs:行号 155
   在 CommonClass.MySqlClass.InsertRoot(ClassInfo ci) 位置 E:\CodeLib\Git\CommonClass\CommonClass\Code\MySqlClass.cs:行号 176
   在 TestProject1.BaseClassDaoTest.TestMysqlInsert() 位置 E:\CodeLib\Git\CommonClass\TestProject1\BaseClassDaoTest.cs:行号 146
</StackTrace>
        </ErrorInfo>
      </Output>
    </UnitTestResult>
  </Results>
</TestRun>