<?xml version="1.0" encoding="UTF-8"?>
<TestRun id="2462415f-d44c-4157-8905-af53bb7cc9f9" name="niejunhua@SH-NIEJUNHUA 2014-01-09 17:06:52" runUser="SNDA\niejunhua" xmlns="http://microsoft.com/schemas/VisualStudio/TeamTest/2010">
  <TestSettings name="本地" id="70fa9d93-44e1-4fae-8a0b-307f6e928580">
    <Description>这些设置为本地测试运行的默认测试设置。</Description>
    <Deployment enabled="false" runDeploymentRoot="niejunhua_SH-NIEJUNHUA 2014-01-09 17_06_52">
      <DeploymentItem filename="E:\Codelib\Git\helper\Helper\bin\Debug\Helper.dll" />
      <DeploymentItem filename="E:\Codelib\Git\CommonClass\CommonClass\bin\CommonClass.dll" />
    </Deployment>
    <Execution>
      <TestTypeSpecific />
      <AgentRule name="Execution Agents">
      </AgentRule>
    </Execution>
  </TestSettings>
  <Times creation="2014-01-09T17:06:52.3959107+08:00" queuing="2014-01-09T17:06:52.4619173+08:00" start="2014-01-09T17:06:52.4699181+08:00" finish="2014-01-09T17:06:52.9809692+08:00" />
  <ResultSummary outcome="Failed">
    <Counters total="1" executed="1" error="0" failed="1" timeout="0" aborted="0" inconclusive="0" passedButRunAborted="0" notRunnable="0" notExecuted="0" disconnected="0" warning="0" passed="0" completed="0" inProgress="0" pending="0" />
  </ResultSummary>
  <TestDefinitions>
    <UnitTest name="InsertTest" storage="e:\codelib\git\commonclass\testproject1\bin\debug\testproject1.dll" id="0d0b572d-bd78-4947-2f03-34eee1b8b633">
      <Execution id="0da1f55d-dc91-42bb-9032-0f0aad3a5ef2" />
      <TestMethod codeBase="E:/Codelib/Git/CommonClass/TestProject1/bin/Debug/TestProject1.DLL" adapterTypeName="Microsoft.VisualStudio.TestTools.TestTypes.Unit.UnitTestAdapter, Microsoft.VisualStudio.QualityTools.Tips.UnitTest.Adapter, Version=10.0.0.0, Culture=neutral, PublicKeyToken=b03f5f7f11d50a3a" className="TestProject1.BaseClassDaoTest, TestProject1, Version=1.0.0.0, Culture=neutral, PublicKeyToken=null" name="InsertTest" />
      <AspNet>
        <Host pathToWebApp="E:\Codelib\Git\CommonClass\CommonClass" webAppRoot="/" />
      </AspNet>
    </UnitTest>
  </TestDefinitions>
  <TestLists>
    <TestList name="列表中未列出的结果" id="8c84fa94-04c1-424b-9868-57a2d4851a1d" />
    <TestList name="所有已加载的结果" id="19431567-8539-422a-85d7-44ee4e166bda" />
  </TestLists>
  <TestEntries>
    <TestEntry testId="0d0b572d-bd78-4947-2f03-34eee1b8b633" executionId="0da1f55d-dc91-42bb-9032-0f0aad3a5ef2" testListId="8c84fa94-04c1-424b-9868-57a2d4851a1d" />
  </TestEntries>
  <Results>
    <UnitTestResult executionId="0da1f55d-dc91-42bb-9032-0f0aad3a5ef2" testId="0d0b572d-bd78-4947-2f03-34eee1b8b633" testName="InsertTest" computerName="SH-NIEJUNHUA" duration="00:00:00.2288248" startTime="2014-01-09T17:06:52.4979209+08:00" endTime="2014-01-09T17:06:52.9289640+08:00" testType="13cdc9d9-ddb5-4fa4-a97d-d965ccfc6d4b" outcome="Failed" testListId="8c84fa94-04c1-424b-9868-57a2d4851a1d" relativeResultsDirectory="0da1f55d-dc91-42bb-9032-0f0aad3a5ef2">
      <Output>
        <StdOut>关于我们 1
     公司介绍 4</StdOut>
        <ErrorInfo>
          <Message>测试方法 TestProject1.BaseClassDaoTest.InsertTest 引发了异常: 
System.Data.OleDb.OleDbException: 语法错误 (操作符丢失) 在查询表达式 'p2=4 and p1!=0' 中。</Message>
          <StackTrace>    在 System.Data.OleDb.OleDbCommand.ExecuteCommandTextErrorHandling(OleDbHResult hr)
   在 System.Data.OleDb.OleDbCommand.ExecuteCommandTextForSingleResult(tagDBPARAMS dbParams, Object&amp; executeResult)
   在 System.Data.OleDb.OleDbCommand.ExecuteCommandText(Object&amp; executeResult)
   在 System.Data.OleDb.OleDbCommand.ExecuteCommand(CommandBehavior behavior, Object&amp; executeResult)
   在 System.Data.OleDb.OleDbCommand.ExecuteReaderInternal(CommandBehavior behavior, String method)
   在 System.Data.OleDb.OleDbCommand.ExecuteReader(CommandBehavior behavior)
   在 CommonClass.AccessDB.GetReader(String sql, IDataParameter[] p) 位置 E:\Codelib\Git\CommonClass\CommonClass\AccessDB.cs:行号 24
   在 CommonClass.BaseClassDao.GetByP2(Int32 p2) 位置 E:\Codelib\Git\CommonClass\CommonClass\BaseClassDao.cs:行号 161
   在 TestProject1.BaseClassDaoTest.InsertTest() 位置 E:\Codelib\Git\CommonClass\TestProject1\BaseClassDaoTest.cs:行号 106
</StackTrace>
        </ErrorInfo>
      </Output>
    </UnitTestResult>
  </Results>
</TestRun>